
> frontend@0.0.0 build
> vite build

[36mvite v8.0.9 [32mbuilding client environment for production...[36m[39m
[2K
transforming...Γ£ô 28 modules transformed.
node.exe : [31mΓ£ù[39m Build failed in 429ms
At line:1 char:1
+ & "C:\Program Files\nodejs/node.exe" "C:\Program Files\nodejs/node_mo ...
+ ~~~~~~~~~~~~~~~~~~~~~~~~~~~~~~~~~~~~~~~~~~~~~~~~~~~~~~~~~~~~~~~~~~~~~
    + CategoryInfo          : NotSpecified: ([31mΓ£ù[39m Build failed in 429ms:String) [], RemoteException
    + FullyQualifiedErrorId : NativeCommandError
 
[31merror during build:
[31mBuild failed with 1 error:

[31m[UNRESOLVED_IMPORT] Error:[0m Could not resolve './components/MobileLayout' in src/App.jsx
    [38;5;246mΓò¡[0m[38;5;246mΓöÇ[0m[38;5;246m[[0m src/App.jsx:10:26 [38;5;246m][0m
    [38;5;246mΓöé[0m
 [38;5;246m10 Γöé[0m 
[38;5;249mi[0m[38;5;249mm[0m[38;5;249mp[0m[38;5;249mo[0m[38;5;249mr[0m[38;5;249mt[0m[38;5;249m [0m[38;5;
249mM[0m[38;5;249mo[0m[38;5;249mb[0m[38;5;249mi[0m[38;5;249ml[0m[38;5;249me[0m[38;5;249mL[0m[38;5;249ma[
0m[38;5;249my[0m[38;5;249mo[0m[38;5;249mu[0m[38;5;249mt[0m[38;5;249m 
[0m[38;5;249mf[0m[38;5;249mr[0m[38;5;249mo[0m[38;5;249mm[0m[38;5;249m 
[0m"./components/MobileLayout"[38;5;249m;[0m
 [38;5;240m   Γöé[0m                          
ΓöÇΓöÇΓöÇΓöÇΓöÇΓöÇΓöÇΓöÇΓöÇΓöÇΓöÇΓöÇΓöÇΓö¼ΓöÇΓöÇΓöÇΓöÇΓöÇΓöÇΓöÇΓöÇΓöÇΓöÇΓöÇΓöÇΓöÇ  
 [38;5;240m   Γöé[0m                                       Γò░ΓöÇΓöÇΓöÇΓöÇΓöÇΓöÇΓöÇΓöÇΓöÇΓöÇΓöÇΓöÇΓöÇΓöÇΓöÇ Module 
not found.
 [38;5;240m   Γöé[0m 
 [38;5;240m   Γöé[0m [38;5;115mHelp[0m: 'src/App.jsx' is imported by the following path:
 [38;5;240m   Γöé[0m         - src/App.jsx
 [38;5;240m   Γöé[0m         - src/main.jsx
 [38;5;240m   Γöé[0m         - index.html
[38;5;246mΓöÇΓöÇΓöÇΓöÇΓò»[0m
[31m
    at aggregateBindingErrorsIntoJsError 
(file:///D:/NLocalTrust/frontend/node_modules/rolldown/dist/shared/error-DAA7ncC5.mjs:48:18)
    at unwrapBindingResult 
(file:///D:/NLocalTrust/frontend/node_modules/rolldown/dist/shared/error-DAA7ncC5.mjs:18:128)
    at #build (file:///D:/NLocalTrust/frontend/node_modules/rolldown/dist/shared/rolldown-build-BPKCFYpX.mjs:3317:34)
    at async buildEnvironment (file:///D:/NLocalTrust/frontend/node_modules/vite/dist/node/chunks/node.js:32999:64)
    at async Object.build (file:///D:/NLocalTrust/frontend/node_modules/vite/dist/node/chunks/node.js:33421:19)
    at async Object.buildApp (file:///D:/NLocalTrust/frontend/node_modules/vite/dist/node/chunks/node.js:33418:153)
    at async CAC.<anonymous> (file:///D:/NLocalTrust/frontend/node_modules/vite/dist/node/cli.js:778:3) {
  errors: [Getter/Setter]
}[39m
